// Jest Snapshot v1, https://goo.gl/fbAQLP

exports[`DetailScreen DetailScreen renders correctly 1`] = `ShallowWrapper {}`;
