// Jest Snapshot v1, https://goo.gl/fbAQLP

exports[`WelcomeScreen WelcomeScreen renders correctly 1`] = `ShallowWrapper {}`;
